]0;/Work/Research/PHD/Dissertation 2017/AXBX_2016/subjective_rating/Expect[?1034hYouths-MacBook-Air:Expect angrytuzi$ [KYouths-MacBook-Air:Expect angrytuzi$ get init
bash: get: command not found
]0;/Work/Research/PHD/Dissertation 2017/AXBX_2016/subjective_rating/ExpectYouths-MacBook-Air:Expect angrytuzi$ git init
Initialized empty Git repository in /Work/Research/PHD/Dissertation 2017/AXBX_2016/subjective_rating/Expect/.git/
]0;/Work/Research/PHD/Dissertation 2017/AXBX_2016/subjective_rating/ExpectYouths-MacBook-Air:Expect angrytuzi$ git add
Nothing specified, nothing added.
Maybe you wanted to say 'git add .'?
]0;/Work/Research/PHD/Dissertation 2017/AXBX_2016/subjective_rating/ExpectYouths-MacBook-Air:Expect angrytuzi$ git add .
]0;/Work/Research/PHD/Dissertation 2017/AXBX_2016/subjective_rating/ExpectYouths-MacBook-Air:Expect angrytuzi$ git commit -m "fis[Krst commit"
[master (root-commit) 56119b0] first commit
 30 files changed, 1099 insertions(+)
 create mode 100644 .Rhistory
 create mode 100644 .Rproj.user/EFBF601/console06/59B8581
 create mode 100644 .Rproj.user/EFBF601/console06/E5732370
 create mode 100644 .Rproj.user/EFBF601/console06/E5732370.env
 create mode 100644 .Rproj.user/EFBF601/console06/INDEX001
 create mode 100644 .Rproj.user/EFBF601/pcs/files-pane.pper
 create mode 100644 .Rproj.user/EFBF601/pcs/source-pane.pper
 create mode 100644 .Rproj.user/EFBF601/pcs/windowlayoutstate.pper
 create mode 100644 .Rproj.user/EFBF601/pcs/workbench-pane.pper
 create mode 100644 .Rproj.user/EFBF601/rmd-outputs
 create mode 100644 .Rproj.user/EFBF601/saved_source_markers
 create mode 100644 .Rproj.user/EFBF601/sources/prop/4D900DE9
 create mode 100644 .Rproj.user/EFBF601/sources/prop/7E89A424
 create mode 100644 .Rproj.user/EFBF601/sources/prop/D3F8EC1B
 create mode 100644 .Rproj.user/EFBF601/sources/prop/INDEX
 create mode 100644 .Rproj.user/EFBF601/sources/s-A4487BF9/2F6AD496
 create mode 100644 .Rproj.user/EFBF601/sources/s-A4487BF9/2F6AD496-contents
 create mode 100644 .Rproj.user/EFBF601/sources/s-A4487BF9/842D54FE
 create mode 100644 .Rproj.user/EFBF601/sources/s-A4487BF9/842D54FE-contents
 create mode 100644 .Rproj.user/EFBF601/sources/s-A4487BF9/D3D898B4
 create mode 100644 .Rproj.user/EFBF601/sources/s-A4487BF9/D3D898B4-contents
 create mode 100644 .Rproj.user/EFBF601/sources/s-A4487BF9/lock_file
 create mode 100644 .Rproj.user/EFBF601/viewer-cache/77AC2DB1.Rdata
 create mode 100644 .Rproj.user/EFBF601/viewer-cache/979AAD55.Rdata
 create mode 100644 .Rproj.user/shared/notebooks/A9BEAF51-individual expect/1/s/chunks.json
 create mode 100644 .Rproj.user/shared/notebooks/patch-chunk-names
 create mode 100644 .Rproj.user/shared/notebooks/paths
 create mode 100644 Expect.Rproj
 create mode 100644 expect.R
 create mode 100644 individual expect.Rmd
]0;/Work/Research/PHD/Dissertation 2017/AXBX_2016/subjective_rating/ExpectYouths-MacBook-Air:Expect angrytuzi$ git remotea[K add origin https://github.com/SigmaYuan/AXBX20 16.git
]0;/Work/Research/PHD/Dissertation 2017/AXBX_2016/subjective_rating/ExpectYouths-MacBook-Air:Expect angrytuzi$ git remote -v
origin	https://github.com/SigmaYuan/AXBX2016.git (fetch)
origin	https://github.com/SigmaYuan/AXBX2016.git (push)
]0;/Work/Research/PHD/Dissertation 2017/AXBX_2016/subjective_rating/ExpectYouths-MacBook-Air:Expect angrytuzi$ git push -u origin master[KYouths-MacBook-Air:Expect angrytuzi$ git push -u origin master
To https://github.com/SigmaYuan/AXBX2016.git
 [31m! [rejected]       [m master -> master (fetch first)
[31merror: failed to push some refs to 'https://github.com/SigmaYuan/AXBX2016.git'
[m[33mhint: Updates were rejected because the remote contains work that you do[m
[33mhint: not have locally. This is usually caused by another repository pushing[m
[33mhint: to the same ref. You may want to first integrate the remote changes[m
[33mhint: (e.g., 'git pull ...') before pushing again.[m
[33mhint: See the 'Note about fast-forwards' in 'git push --help' for details.[m
]0;/Work/Research/PHD/Dissertation 2017/AXBX_2016/subjective_rating/ExpectYouths-MacBook-Air:Expect angrytuzi$ git pull
warning: no common commits
remote: Counting objects: 3, done.[K
remote: Total 3 (delta 0), reused 0 (delta 0), pack-reused 0[K
Unpacking objects:  33% (1/3)   Unpacking objects:  66% (2/3)   Unpacking objects: 100% (3/3)   Unpacking objects: 100% (3/3), done.
From https://github.com/SigmaYuan/AXBX2016
 * [new branch]      master     -> origin/master
There is no tracking information for the current branch.
Please specify which branch you want to merge with.
See git-pull(1) for details.

    git pull <remote> <branch>

If you wish to set tracking information for this branch you can do so with:

    git branch --set-upstream-to=origin/<branch> master

]0;/Work/Research/PHD/Dissertation 2017/AXBX_2016/subjective_rating/ExpectYouths-MacBook-Air:Expect angrytuzi$ git init
Reinitialized existing Git repository in /Work/Research/PHD/Dissertation 2017/AXBX_2016/subjective_rating/Expect/.git/
]0;/Work/Research/PHD/Dissertation 2017/AXBX_2016/subjective_rating/ExpectYouths-MacBook-Air:Expect angrytuzi$ git add
Nothing specified, nothing added.
Maybe you wanted to say 'git add .'?
]0;/Work/Research/PHD/Dissertation 2017/AXBX_2016/subjective_rating/ExpectYouths-MacBook-Air:Expect angrytuzi$ git add .
]0;/Work/Research/PHD/Dissertation 2017/AXBX_2016/subjective_rating/ExpectYouths-MacBook-Air:Expect angrytuzi$ git commit -m "first commit"
[master 7e8e019] first commit
 2 files changed, 70 insertions(+), 1 deletion(-)
]0;/Work/Research/PHD/Dissertation 2017/AXBX_2016/subjective_rating/ExpectYouths-MacBook-Air:Expect angrytuzi$ git remote add origin https://github.com/SigmaYuan/AXBX20 16.git
fatal: remote origin already exists.
]0;/Work/Research/PHD/Dissertation 2017/AXBX_2016/subjective_rating/ExpectYouths-MacBook-Air:Expect angrytuzi$ git remove -v
git: 'remove' is not a git command. See 'git --help'.

The most similar command is
	remote
]0;/Work/Research/PHD/Dissertation 2017/AXBX_2016/subjective_rating/ExpectYouths-MacBook-Air:Expect angrytuzi$ git remote -v
origin	https://github.com/SigmaYuan/AXBX2016.git (fetch)
origin	https://github.com/SigmaYuan/AXBX2016.git (push)
]0;/Work/Research/PHD/Dissertation 2017/AXBX_2016/subjective_rating/ExpectYouths-MacBook-Air:Expect angrytuzi$ git push -u origin master
Enumerating objects: 48, done.
Counting objects:   2% (1/48)   Counting objects:   4% (2/48)   Counting objects:   6% (3/48)   Counting objects:   8% (4/48)   Counting objects:  10% (5/48)   Counting objects:  12% (6/48)   Counting objects:  14% (7/48)   Counting objects:  16% (8/48)   Counting objects:  18% (9/48)   Counting objects:  20% (10/48)   Counting objects:  22% (11/48)   Counting objects:  25% (12/48)   Counting objects:  27% (13/48)   Counting objects:  29% (14/48)   Counting objects:  31% (15/48)   Counting objects:  33% (16/48)   Counting objects:  35% (17/48)   Counting objects:  37% (18/48)   Counting objects:  39% (19/48)   Counting objects:  41% (20/48)   Counting objects:  43% (21/48)   Counting objects:  45% (22/48)   Counting objects:  47% (23/48)   Counting objects:  50% (24/48)   Counting objects:  52% (25/48)   Counting objects:  54% (26/48)   Counting objects:  56% (27/48)   Counting objects:  58% (28/48)   Counting objects:  60% (29/48)   Counting objects:  62% (30/48)   Counting objects:  64% (31/48)   Counting objects:  66% (32/48)   Counting objects:  68% (33/48)   Counting objects:  70% (34/48)   Counting objects:  72% (35/48)   Counting objects:  75% (36/48)   Counting objects:  77% (37/48)   Counting objects:  79% (38/48)   Counting objects:  81% (39/48)   Counting objects:  83% (40/48)   Counting objects:  85% (41/48)   Counting objects:  87% (42/48)   Counting objects:  89% (43/48)   Counting objects:  91% (44/48)   Counting objects:  93% (45/48)   Counting objects:  95% (46/48)   Counting objects:  97% (47/48)   Counting objects: 100% (48/48)   Counting objects: 100% (48/48), done.
Delta compression using up to 4 threads.
Compressing objects:   2% (1/39)   Compressing objects:   5% (2/39)   Compressing objects:   7% (3/39)   Compressing objects:  10% (4/39)   Compressing objects:  12% (5/39)   Compressing objects:  15% (6/39)   Compressing objects:  17% (7/39)   Compressing objects:  20% (8/39)   Compressing objects:  23% (9/39)   Compressing objects:  25% (10/39)   Compressing objects:  28% (11/39)   Compressing objects:  30% (12/39)   Compressing objects:  33% (13/39)   Compressing objects:  35% (14/39)   Compressing objects:  38% (15/39)   Compressing objects:  41% (16/39)   Compressing objects:  43% (17/39)   Compressing objects:  46% (18/39)   Compressing objects:  48% (19/39)   Compressing objects:  51% (20/39)   Compressing objects:  53% (21/39)   Compressing objects:  56% (22/39)   Compressing objects:  58% (23/39)   Compressing objects:  61% (24/39)   Compressing objects:  64% (25/39)   Compressing objects:  66% (26/39)   Compressing objects:  69% (27/39)   Compressing objects:  71% (28/39)   Compressing objects:  74% (29/39)   Compressing objects:  76% (30/39)   Compressing objects:  79% (31/39)   Compressing objects:  82% (32/39)   Compressing objects:  84% (33/39)   Compressing objects:  87% (34/39)   Compressing objects:  89% (35/39)   Compressing objects:  92% (36/39)   Compressing objects:  94% (37/39)   Compressing objects:  97% (38/39)   Compressing objects: 100% (39/39)   Compressing objects: 100% (39/39), done.
Writing objects:   2% (1/48)   Writing objects:   4% (2/48)   Writing objects:   6% (3/48)   Writing objects:   8% (4/48)   Writing objects:  10% (5/48)   Writing objects:  12% (6/48)   Writing objects:  14% (7/48)   Writing objects:  16% (8/48)   Writing objects:  18% (9/48)   Writing objects:  20% (10/48)   Writing objects:  22% (11/48)   Writing objects:  25% (12/48)   Writing objects:  27% (13/48)   Writing objects:  29% (14/48)   Writing objects:  31% (15/48)   Writing objects:  33% (16/48)   Writing objects:  35% (17/48)   Writing objects:  37% (18/48)   Writing objects:  39% (19/48)   Writing objects:  41% (20/48)   Writing objects:  43% (21/48)   Writing objects:  45% (22/48)   Writing objects:  47% (23/48)   Writing objects:  50% (24/48)   Writing objects:  52% (25/48)   Writing objects:  56% (27/48)   Writing objects:  58% (28/48)   Writing objects:  60% (29/48)   Writing objects:  62% (30/48)   Writing objects:  64% (31/48)   Writing objects:  66% (32/48)   Writing objects:  68% (33/48)   Writing objects:  70% (34/48)   Writing objects:  72% (35/48)   Writing objects:  75% (36/48)   Writing objects:  77% (37/48)   Writing objects:  79% (38/48)   Writing objects:  81% (39/48)   Writing objects:  83% (40/48)   Writing objects:  85% (41/48)   Writing objects:  87% (42/48)   Writing objects:  89% (43/48)   Writing objects:  91% (44/48)   Writing objects:  93% (45/48)   Writing objects:  95% (46/48)   Writing objects:  97% (47/48)   Writing objects: 100% (48/48)   Writing objects: 100% (48/48), 11.01 KiB | 191.00 KiB/s, done.
Total 48 (delta 7), reused 0 (delta 0)
remote: Resolving deltas:   0% (0/7)   [Kremote: Resolving deltas:  14% (1/7)   [Kremote: Resolving deltas:  28% (2/7)   [Kremote: Resolving deltas:  42% (3/7)   [Kremote: Resolving deltas:  57% (4/7)   [Kremote: Resolving deltas:  71% (5/7)   [Kremote: Resolving deltas:  85% (6/7)   [Kremote: Resolving deltas: 100% (7/7)   [Kremote: Resolving deltas: 100% (7/7), done.[K
To https://github.com/SigmaYuan/AXBX2016.git
 * [new branch]      master -> master
Branch 'master' set up to track remote branch 'master' from 'origin'.
]0;/Work/Research/PHD/Dissertation 2017/AXBX_2016/subjective_rating/ExpectYouths-MacBook-Air:Expect angrytuzi$ [KYouths-MacBook-Air:Expect angrytuzi$ [KYouths-MacBook-Air:Expect angrytuzi$ which git
/usr/local/bin/git
]0;/Work/Research/PHD/Dissertation 2017/AXBX_2016/subjective_rating/ExpectYouths-MacBook-Air:Expect angrytuzi$ 